[0.123s] DEBUG:colcon:Command line arguments: ['/usr/bin/colcon', 'build', '--symlink-install']
[0.123s] DEBUG:colcon:Parsed command line arguments: Namespace(log_base=None, log_level=None, verb_name='build', build_base='build', install_base='install', merge_install=False, symlink_install=True, test_result_base=None, continue_on_error=False, executor='parallel', parallel_workers=16, event_handlers=None, ignore_user_meta=False, metas=['./colcon.meta'], base_paths=['.'], packages_ignore=None, packages_ignore_regex=None, paths=None, packages_up_to=None, packages_up_to_regex=None, packages_above=None, packages_above_and_dependencies=None, packages_above_depth=None, packages_select_by_dep=None, packages_skip_by_dep=None, packages_skip_up_to=None, packages_select_build_failed=False, packages_skip_build_finished=False, packages_select_test_failures=False, packages_skip_test_passed=False, packages_select=None, packages_skip=None, packages_select_regex=None, packages_skip_regex=None, packages_start=None, packages_end=None, allow_overriding=[], cmake_args=None, cmake_target=None, cmake_target_skip_unavailable=False, cmake_clean_cache=False, cmake_clean_first=False, cmake_force_configure=False, ament_cmake_args=None, catkin_cmake_args=None, catkin_skip_building_tests=False, mixin_files=None, mixin=None, verb_parser=<colcon_mixin.mixin.mixin_argument.MixinArgumentDecorator object at 0x78d9749a8a00>, verb_extension=<colcon_core.verb.build.BuildVerb object at 0x78d9749a8490>, main=<bound method BuildVerb.main of <colcon_core.verb.build.BuildVerb object at 0x78d9749a8490>>, mixin_verb=('build',))
[0.326s] Level 1:colcon.colcon_core.package_discovery:discover_packages(colcon_meta) check parameters
[0.326s] Level 1:colcon.colcon_core.package_discovery:discover_packages(recursive) check parameters
[0.326s] Level 1:colcon.colcon_core.package_discovery:discover_packages(ignore) check parameters
[0.326s] Level 1:colcon.colcon_core.package_discovery:discover_packages(path) check parameters
[0.326s] Level 1:colcon.colcon_core.package_discovery:discover_packages(colcon_meta) discover
[0.326s] Level 1:colcon.colcon_core.package_discovery:discover_packages(recursive) discover
[0.326s] INFO:colcon.colcon_core.package_discovery:Crawling recursively for packages in '/home/ziadmoh/Workspaces/EVER24-Remastered'
[0.326s] Level 1:colcon.colcon_core.package_identification:_identify(.) by extensions ['ignore', 'ignore_ament_install']
[0.326s] Level 1:colcon.colcon_core.package_identification:_identify(.) by extension 'ignore'
[0.326s] Level 1:colcon.colcon_core.package_identification:_identify(.) by extension 'ignore_ament_install'
[0.326s] Level 1:colcon.colcon_core.package_identification:_identify(.) by extensions ['colcon_pkg']
[0.326s] Level 1:colcon.colcon_core.package_identification:_identify(.) by extension 'colcon_pkg'
[0.326s] Level 1:colcon.colcon_core.package_identification:_identify(.) by extensions ['colcon_meta']
[0.326s] Level 1:colcon.colcon_core.package_identification:_identify(.) by extension 'colcon_meta'
[0.326s] Level 1:colcon.colcon_core.package_identification:_identify(.) by extensions ['ros']
[0.326s] Level 1:colcon.colcon_core.package_identification:_identify(.) by extension 'ros'
[0.338s] Level 1:colcon.colcon_core.package_identification:_identify(.) by extensions ['cmake', 'python']
[0.338s] Level 1:colcon.colcon_core.package_identification:_identify(.) by extension 'cmake'
[0.338s] Level 1:colcon.colcon_core.package_identification:_identify(.) by extension 'python'
[0.339s] Level 1:colcon.colcon_core.package_identification:_identify(.) by extensions ['python_setup_py']
[0.339s] Level 1:colcon.colcon_core.package_identification:_identify(.) by extension 'python_setup_py'
[0.339s] Level 1:colcon.colcon_core.package_identification:_identify(build) by extensions ['ignore', 'ignore_ament_install']
[0.339s] Level 1:colcon.colcon_core.package_identification:_identify(build) by extension 'ignore'
[0.339s] Level 1:colcon.colcon_core.package_identification:_identify(build) ignored
[0.339s] Level 1:colcon.colcon_core.package_identification:_identify(install) by extensions ['ignore', 'ignore_ament_install']
[0.339s] Level 1:colcon.colcon_core.package_identification:_identify(install) by extension 'ignore'
[0.339s] Level 1:colcon.colcon_core.package_identification:_identify(install) ignored
[0.339s] Level 1:colcon.colcon_core.package_identification:_identify(log) by extensions ['ignore', 'ignore_ament_install']
[0.339s] Level 1:colcon.colcon_core.package_identification:_identify(log) by extension 'ignore'
[0.339s] Level 1:colcon.colcon_core.package_identification:_identify(log) ignored
[0.339s] Level 1:colcon.colcon_core.package_identification:_identify(src) by extensions ['ignore', 'ignore_ament_install']
[0.339s] Level 1:colcon.colcon_core.package_identification:_identify(src) by extension 'ignore'
[0.339s] Level 1:colcon.colcon_core.package_identification:_identify(src) by extension 'ignore_ament_install'
[0.339s] Level 1:colcon.colcon_core.package_identification:_identify(src) by extensions ['colcon_pkg']
[0.339s] Level 1:colcon.colcon_core.package_identification:_identify(src) by extension 'colcon_pkg'
[0.339s] Level 1:colcon.colcon_core.package_identification:_identify(src) by extensions ['colcon_meta']
[0.339s] Level 1:colcon.colcon_core.package_identification:_identify(src) by extension 'colcon_meta'
[0.339s] Level 1:colcon.colcon_core.package_identification:_identify(src) by extensions ['ros']
[0.339s] Level 1:colcon.colcon_core.package_identification:_identify(src) by extension 'ros'
[0.339s] Level 1:colcon.colcon_core.package_identification:_identify(src) by extensions ['cmake', 'python']
[0.339s] Level 1:colcon.colcon_core.package_identification:_identify(src) by extension 'cmake'
[0.339s] Level 1:colcon.colcon_core.package_identification:_identify(src) by extension 'python'
[0.339s] Level 1:colcon.colcon_core.package_identification:_identify(src) by extensions ['python_setup_py']
[0.339s] Level 1:colcon.colcon_core.package_identification:_identify(src) by extension 'python_setup_py'
[0.339s] Level 1:colcon.colcon_core.package_identification:_identify(src/Car_Controller_python) by extensions ['ignore', 'ignore_ament_install']
[0.339s] Level 1:colcon.colcon_core.package_identification:_identify(src/Car_Controller_python) by extension 'ignore'
[0.339s] Level 1:colcon.colcon_core.package_identification:_identify(src/Car_Controller_python) by extension 'ignore_ament_install'
[0.339s] Level 1:colcon.colcon_core.package_identification:_identify(src/Car_Controller_python) by extensions ['colcon_pkg']
[0.339s] Level 1:colcon.colcon_core.package_identification:_identify(src/Car_Controller_python) by extension 'colcon_pkg'
[0.340s] Level 1:colcon.colcon_core.package_identification:_identify(src/Car_Controller_python) by extensions ['colcon_meta']
[0.340s] Level 1:colcon.colcon_core.package_identification:_identify(src/Car_Controller_python) by extension 'colcon_meta'
[0.340s] Level 1:colcon.colcon_core.package_identification:_identify(src/Car_Controller_python) by extensions ['ros']
[0.340s] Level 1:colcon.colcon_core.package_identification:_identify(src/Car_Controller_python) by extension 'ros'
[0.342s] DEBUG:colcon.colcon_core.package_identification:Found ROS schema reference in package manifest in 'src/Car_Controller_python'
[0.342s] WARNING:colcon.colcon_core.package_identification:Failed to parse ROS package manifest in 'src/Car_Controller_python': Error(s) in package 'src/Car_Controller_python/package.xml':
Invalid email "ziadmohamedgamal25.com" for person "ziadmoh"
[0.342s] Level 1:colcon.colcon_core.package_identification:_identify(src/Car_Controller_python) by extensions ['cmake', 'python']
[0.342s] Level 1:colcon.colcon_core.package_identification:_identify(src/Car_Controller_python) by extension 'cmake'
[0.342s] Level 1:colcon.colcon_core.package_identification:_identify(src/Car_Controller_python) by extension 'python'
[0.342s] DEBUG:colcon.colcon_core.package_identification:Python package in 'src/Car_Controller_python' passes arguments to the setup() function which requires a different identification extension than 'python'
[0.342s] Level 1:colcon.colcon_core.package_identification:_identify(src/Car_Controller_python) by extensions ['python_setup_py']
[0.342s] Level 1:colcon.colcon_core.package_identification:_identify(src/Car_Controller_python) by extension 'python_setup_py'
[0.545s] DEBUG:colcon.colcon_core.package_identification:Package 'src/Car_Controller_python' with type 'python' and name 'Car_Controller_python'
[0.545s] Level 1:colcon.colcon_core.package_discovery:discover_packages(recursive) using defaults
[0.545s] Level 1:colcon.colcon_core.package_discovery:discover_packages(ignore) discover
[0.545s] Level 1:colcon.colcon_core.package_discovery:discover_packages(ignore) using defaults
[0.545s] Level 1:colcon.colcon_core.package_discovery:discover_packages(path) discover
[0.545s] Level 1:colcon.colcon_core.package_discovery:discover_packages(path) using defaults
[0.567s] Level 1:colcon.colcon_core.package_discovery:discover_packages(prefix_path) check parameters
[0.567s] Level 1:colcon.colcon_core.package_discovery:discover_packages(prefix_path) discover
[0.570s] DEBUG:colcon.colcon_installed_package_information.package_discovery:Found 325 installed packages in /opt/ros/humble
[0.571s] Level 1:colcon.colcon_core.package_discovery:discover_packages(prefix_path) using defaults
[0.598s] Level 5:colcon.colcon_core.verb:set package 'Car_Controller_python' build argument 'cmake_args' from command line to 'None'
[0.598s] Level 5:colcon.colcon_core.verb:set package 'Car_Controller_python' build argument 'cmake_target' from command line to 'None'
[0.598s] Level 5:colcon.colcon_core.verb:set package 'Car_Controller_python' build argument 'cmake_target_skip_unavailable' from command line to 'False'
[0.598s] Level 5:colcon.colcon_core.verb:set package 'Car_Controller_python' build argument 'cmake_clean_cache' from command line to 'False'
[0.598s] Level 5:colcon.colcon_core.verb:set package 'Car_Controller_python' build argument 'cmake_clean_first' from command line to 'False'
[0.598s] Level 5:colcon.colcon_core.verb:set package 'Car_Controller_python' build argument 'cmake_force_configure' from command line to 'False'
[0.598s] Level 5:colcon.colcon_core.verb:set package 'Car_Controller_python' build argument 'ament_cmake_args' from command line to 'None'
[0.598s] Level 5:colcon.colcon_core.verb:set package 'Car_Controller_python' build argument 'catkin_cmake_args' from command line to 'None'
[0.598s] Level 5:colcon.colcon_core.verb:set package 'Car_Controller_python' build argument 'catkin_skip_building_tests' from command line to 'False'
[0.598s] DEBUG:colcon.colcon_core.verb:Building package 'Car_Controller_python' with the following arguments: {'ament_cmake_args': None, 'build_base': '/home/ziadmoh/Workspaces/EVER24-Remastered/build/Car_Controller_python', 'catkin_cmake_args': None, 'catkin_skip_building_tests': False, 'cmake_args': None, 'cmake_clean_cache': False, 'cmake_clean_first': False, 'cmake_force_configure': False, 'cmake_target': None, 'cmake_target_skip_unavailable': False, 'install_base': '/home/ziadmoh/Workspaces/EVER24-Remastered/install/Car_Controller_python', 'merge_install': False, 'path': '/home/ziadmoh/Workspaces/EVER24-Remastered/src/Car_Controller_python', 'symlink_install': True, 'test_result_base': None}
[0.598s] INFO:colcon.colcon_core.executor:Executing jobs using 'parallel' executor
[0.599s] DEBUG:colcon.colcon_parallel_executor.executor.parallel:run_until_complete
[0.599s] INFO:colcon.colcon_core.task.python.build:Building Python package in '/home/ziadmoh/Workspaces/EVER24-Remastered/src/Car_Controller_python'
[0.602s] INFO:colcon.colcon_core.plugin_system:Skipping extension 'colcon_core.shell.bat': Not used on non-Windows systems
[0.602s] INFO:colcon.colcon_core.shell:Skip shell extension 'powershell' for command environment: Not usable outside of PowerShell
[0.602s] DEBUG:colcon.colcon_core.shell:Skip shell extension 'dsv' for command environment
[1.124s] DEBUG:colcon.colcon_core.event_handler.log_command:Invoking command in '/home/ziadmoh/Workspaces/EVER24-Remastered/build/Car_Controller_python': PYTHONPATH=/home/ziadmoh/Workspaces/EVER24-Remastered/build/Car_Controller_python/prefix_override:/usr/lib/python3/dist-packages/colcon_core/task/python/colcon_distutils_commands:/home/ziadmoh/Workspaces/EVER24-Remastered/install/Car_Controller_python/lib/python3.10/site-packages:${PYTHONPATH} /usr/bin/python3 -W ignore:setup.py install is deprecated -W ignore:easy_install command is deprecated setup.py develop --editable --build-directory /home/ziadmoh/Workspaces/EVER24-Remastered/build/Car_Controller_python/build --no-deps symlink_data
[1.554s] Level 1:colcon.colcon_core.shell:create_environment_hook('Car_Controller_python', 'pythonpath_develop')
[1.554s] INFO:colcon.colcon_core.shell:Creating environment hook '/home/ziadmoh/Workspaces/EVER24-Remastered/build/Car_Controller_python/share/Car_Controller_python/hook/pythonpath_develop.ps1'
[1.555s] DEBUG:colcon.colcon_core.event_handler.log_command:Invoked command in '/home/ziadmoh/Workspaces/EVER24-Remastered/build/Car_Controller_python' returned '0': PYTHONPATH=/home/ziadmoh/Workspaces/EVER24-Remastered/build/Car_Controller_python/prefix_override:/usr/lib/python3/dist-packages/colcon_core/task/python/colcon_distutils_commands:/home/ziadmoh/Workspaces/EVER24-Remastered/install/Car_Controller_python/lib/python3.10/site-packages:${PYTHONPATH} /usr/bin/python3 -W ignore:setup.py install is deprecated -W ignore:easy_install command is deprecated setup.py develop --editable --build-directory /home/ziadmoh/Workspaces/EVER24-Remastered/build/Car_Controller_python/build --no-deps symlink_data
[1.555s] INFO:colcon.colcon_core.shell:Creating environment descriptor '/home/ziadmoh/Workspaces/EVER24-Remastered/build/Car_Controller_python/share/Car_Controller_python/hook/pythonpath_develop.dsv'
[1.556s] INFO:colcon.colcon_core.shell:Creating environment hook '/home/ziadmoh/Workspaces/EVER24-Remastered/build/Car_Controller_python/share/Car_Controller_python/hook/pythonpath_develop.sh'
[1.579s] Level 1:colcon.colcon_core.environment:checking '/home/ziadmoh/Workspaces/EVER24-Remastered/install/Car_Controller_python' for CMake module files
[1.580s] Level 1:colcon.colcon_core.environment:checking '/home/ziadmoh/Workspaces/EVER24-Remastered/install/Car_Controller_python' for CMake config files
[1.580s] Level 1:colcon.colcon_core.environment:checking '/home/ziadmoh/Workspaces/EVER24-Remastered/install/Car_Controller_python/lib'
[1.580s] Level 1:colcon.colcon_core.environment:checking '/home/ziadmoh/Workspaces/EVER24-Remastered/install/Car_Controller_python/bin'
[1.580s] Level 1:colcon.colcon_core.environment:checking '/home/ziadmoh/Workspaces/EVER24-Remastered/install/Car_Controller_python/lib/pkgconfig/Car_Controller_python.pc'
[1.580s] Level 1:colcon.colcon_core.environment:checking '/home/ziadmoh/Workspaces/EVER24-Remastered/install/Car_Controller_python/lib/python3.10/site-packages'
[1.580s] Level 1:colcon.colcon_core.shell:create_environment_hook('Car_Controller_python', 'pythonpath')
[1.580s] INFO:colcon.colcon_core.shell:Creating environment hook '/home/ziadmoh/Workspaces/EVER24-Remastered/install/Car_Controller_python/share/Car_Controller_python/hook/pythonpath.ps1'
[1.581s] INFO:colcon.colcon_core.shell:Creating environment descriptor '/home/ziadmoh/Workspaces/EVER24-Remastered/install/Car_Controller_python/share/Car_Controller_python/hook/pythonpath.dsv'
[1.581s] INFO:colcon.colcon_core.shell:Creating environment hook '/home/ziadmoh/Workspaces/EVER24-Remastered/install/Car_Controller_python/share/Car_Controller_python/hook/pythonpath.sh'
[1.581s] Level 1:colcon.colcon_core.environment:checking '/home/ziadmoh/Workspaces/EVER24-Remastered/install/Car_Controller_python/bin'
[1.581s] Level 1:colcon.colcon_core.environment:create_environment_scripts_only(Car_Controller_python)
[1.581s] INFO:colcon.colcon_core.shell:Creating package script '/home/ziadmoh/Workspaces/EVER24-Remastered/install/Car_Controller_python/share/Car_Controller_python/package.ps1'
[1.582s] INFO:colcon.colcon_core.shell:Creating package descriptor '/home/ziadmoh/Workspaces/EVER24-Remastered/install/Car_Controller_python/share/Car_Controller_python/package.dsv'
[1.582s] INFO:colcon.colcon_core.shell:Creating package script '/home/ziadmoh/Workspaces/EVER24-Remastered/install/Car_Controller_python/share/Car_Controller_python/package.sh'
[1.583s] INFO:colcon.colcon_core.shell:Creating package script '/home/ziadmoh/Workspaces/EVER24-Remastered/install/Car_Controller_python/share/Car_Controller_python/package.bash'
[1.584s] INFO:colcon.colcon_core.shell:Creating package script '/home/ziadmoh/Workspaces/EVER24-Remastered/install/Car_Controller_python/share/Car_Controller_python/package.zsh'
[1.584s] Level 1:colcon.colcon_core.environment:create_file_with_runtime_dependencies(/home/ziadmoh/Workspaces/EVER24-Remastered/install/Car_Controller_python/share/colcon-core/packages/Car_Controller_python)
[1.584s] DEBUG:colcon.colcon_parallel_executor.executor.parallel:closing loop
[1.585s] DEBUG:colcon.colcon_parallel_executor.executor.parallel:loop closed
[1.585s] DEBUG:colcon.colcon_parallel_executor.executor.parallel:run_until_complete finished with '0'
[1.585s] DEBUG:colcon.colcon_core.event_reactor:joining thread
[1.589s] INFO:colcon.colcon_core.plugin_system:Skipping extension 'colcon_notification.desktop_notification.terminal_notifier': Not used on non-Darwin systems
[1.589s] INFO:colcon.colcon_core.plugin_system:Skipping extension 'colcon_notification.desktop_notification.win32': Not used on non-Windows systems
[1.589s] INFO:colcon.colcon_notification.desktop_notification:Sending desktop notification using 'notify2'
[1.600s] DEBUG:colcon.colcon_core.event_reactor:joined thread
[1.601s] INFO:colcon.colcon_core.shell:Creating prefix script '/home/ziadmoh/Workspaces/EVER24-Remastered/install/local_setup.ps1'
[1.602s] INFO:colcon.colcon_core.shell:Creating prefix util module '/home/ziadmoh/Workspaces/EVER24-Remastered/install/_local_setup_util_ps1.py'
[1.604s] INFO:colcon.colcon_core.shell:Creating prefix chain script '/home/ziadmoh/Workspaces/EVER24-Remastered/install/setup.ps1'
[1.605s] INFO:colcon.colcon_core.shell:Creating prefix script '/home/ziadmoh/Workspaces/EVER24-Remastered/install/local_setup.sh'
[1.606s] INFO:colcon.colcon_core.shell:Creating prefix util module '/home/ziadmoh/Workspaces/EVER24-Remastered/install/_local_setup_util_sh.py'
[1.606s] INFO:colcon.colcon_core.shell:Creating prefix chain script '/home/ziadmoh/Workspaces/EVER24-Remastered/install/setup.sh'
[1.607s] INFO:colcon.colcon_core.shell:Creating prefix script '/home/ziadmoh/Workspaces/EVER24-Remastered/install/local_setup.bash'
[1.607s] INFO:colcon.colcon_core.shell:Creating prefix chain script '/home/ziadmoh/Workspaces/EVER24-Remastered/install/setup.bash'
[1.608s] INFO:colcon.colcon_core.shell:Creating prefix script '/home/ziadmoh/Workspaces/EVER24-Remastered/install/local_setup.zsh'
[1.608s] INFO:colcon.colcon_core.shell:Creating prefix chain script '/home/ziadmoh/Workspaces/EVER24-Remastered/install/setup.zsh'
