running develop
running egg_info
creating Car_Controller_python.egg-info
writing Car_Controller_python.egg-info/PKG-INFO
writing dependency_links to Car_Controller_python.egg-info/dependency_links.txt
writing entry points to Car_Controller_python.egg-info/entry_points.txt
writing requirements to Car_Controller_python.egg-info/requires.txt
writing top-level names to Car_Controller_python.egg-info/top_level.txt
writing manifest file 'Car_Controller_python.egg-info/SOURCES.txt'
reading manifest file 'Car_Controller_python.egg-info/SOURCES.txt'
writing manifest file 'Car_Controller_python.egg-info/SOURCES.txt'
running build_ext
Creating /home/ziadmoh/Workspaces/EVER24-Remastered/install/Car_Controller_python/lib/python3.10/site-packages/Car-Controller-python.egg-link (link to .)

Installed /home/ziadmoh/Workspaces/EVER24-Remastered/build/Car_Controller_python
running symlink_data
creating /home/ziadmoh/Workspaces/EVER24-Remastered/install/Car_Controller_python/share
creating /home/ziadmoh/Workspaces/EVER24-Remastered/install/Car_Controller_python/share/ament_index
creating /home/ziadmoh/Workspaces/EVER24-Remastered/install/Car_Controller_python/share/ament_index/resource_index
creating /home/ziadmoh/Workspaces/EVER24-Remastered/install/Car_Controller_python/share/ament_index/resource_index/packages
symbolically linking /home/ziadmoh/Workspaces/EVER24-Remastered/build/Car_Controller_python/resource/Car_Controller_python -> /home/ziadmoh/Workspaces/EVER24-Remastered/install/Car_Controller_python/share/ament_index/resource_index/packages
creating /home/ziadmoh/Workspaces/EVER24-Remastered/install/Car_Controller_python/share/Car_Controller_python
symbolically linking /home/ziadmoh/Workspaces/EVER24-Remastered/build/Car_Controller_python/package.xml -> /home/ziadmoh/Workspaces/EVER24-Remastered/install/Car_Controller_python/share/Car_Controller_python
